******************************************************************************
                  TI ARM Linker PC v20.2.1                     
******************************************************************************
>> Linked Fri Jan 15 10:02:03 2021

OUTPUT FILE NAME:   <ble_custom.out>
ENTRY POINT SYMBOL: "ResetISR"  address: 00016bcd


MEMORY CONFIGURATION

         name            origin    length      used     unused   attr    fill
----------------------  --------  ---------  --------  --------  ----  --------
  FLASH_IMG_HDR         00000000   00000090  0000003c  00000054  R  X
  ENTRY                 00000090   00000040  00000000  00000040  R  X
  FLASH                 000000d0   000560d0  000232b3  00032e1d  R  X
  RTOS_SRAM             20000000   0000012c  000000e4  00000048  RW X
  SRAM                  20000fdf   00013021  00003246  0000fddb  RW X


SEGMENT ALLOCATION MAP

run origin  load origin   length   init length attrs members
----------  ----------- ---------- ----------- ----- -------
00000000    00000000    0000003c   0000003c    r--
  00000000    00000000    0000003c   0000003c    r-- .resetVecs
000000d0    000000d0    0001f2b8   0001f2b8    r-x
  000000d0    000000d0    0001c75c   0001c75c    r-x .text
  0001c82c    0001c82c    00000004   00000004    r-- .rodata.1
  0001c830    0001c830    0000240f   0000240f    r-- .const
  0001ec40    0001ec40    00000134   00000134    r-- .rodata.2
  0001ed78    0001ed78    00000610   00000610    r-- .cinit
00048000    00048000    00004000   00000000    rw-
  00048000    00048000    00004000   00000000    rw- .TI.bound:flashBuf0
20000100    20000100    0000000c   00000000    rw-
  20000100    20000100    00000004   00000000    rw- .data:xdcRomConstPtr
  20000104    20000104    00000004   00000000    rw- .data:xdcRomExternFuncPtr
  20000108    20000108    00000004   00000000    rw- .data:xdcRomStatePtr
20001830    20001830    00000010   00000000    rw-
  20001830    20001830    00000010   00000000    rw- .TI.bound:dmaSpi0RxControlTableEntry
20001840    20001840    00000010   00000000    rw-
  20001840    20001840    00000010   00000000    rw- .TI.bound:dmaSpi0TxControlTableEntry
20001900    20001900    00000010   00000000    rw-
  20001900    20001900    00000010   00000000    rw- .TI.bound:dmaSpi1RxControlTableEntry
20001910    20001910    00000010   00000000    rw-
  20001910    20001910    00000010   00000000    rw- .TI.bound:dmaSpi1TxControlTableEntry
20001a30    20001a30    00000010   00000000    rw-
  20001a30    20001a30    00000010   00000000    rw- .TI.bound:dmaSpi0RxAltControlTableEntry
20001a40    20001a40    00000010   00000000    rw-
  20001a40    20001a40    00000010   00000000    rw- .TI.bound:dmaSpi0TxAltControlTableEntry
20001b00    20001b00    00000010   00000000    rw-
  20001b00    20001b00    00000010   00000000    rw- .TI.bound:dmaSpi1RxAltControlTableEntry
20001b10    20001b10    00002dd6   00000000    rw-
  20001b10    20001b10    00000010   00000000    rw- .TI.bound:dmaSpi1TxAltControlTableEntry
  20001b20    20001b20    00001c7d   00000000    rw- .data
  200037a0    200037a0    00001146   00000000    rw- .bss
20013c00    20013c00    00000400   00000000    rw-
  20013c00    20013c00    00000400   00000000    rw- .stack


SECTION ALLOCATION MAP

 output                                  attributes/
section   page    origin      length       input sections
--------  ----  ----------  ----------   ----------------
.data:xdcRomConstPtr 
*          0    20000100    00000004     UNINITIALIZED
                  20000100    00000004     ble_custom_pem4f.oem4f (.data:xdcRomConstPtr)

.data:xdcRomExternFuncPtr 
*          0    20000104    00000004     UNINITIALIZED
                  20000104    00000004     ble_custom_pem4f.oem4f (.data:xdcRomExternFuncPtr)

.data:xdcRomStatePtr 
*          0    20000108    00000004     UNINITIALIZED
                  20000108    00000004     ble_custom_pem4f.oem4f (.data:xdcRomStatePtr)

.bootVecs 
*          0    00000000    00000008     DSECT
                  00000000    00000008     boot.aem4f : boot.oem4f (.bootVecs)

.resetVecs 
*          0    00000000    0000003c     
                  00000000    0000003c     ble_custom_pem4f.oem4f (.resetVecs)

.vecs      0    20000000    000000d8     NOLOAD SECTION
                  20000000    000000d8     ble_custom_pem4f.oem4f (.vecs)

xdc.meta   0    00000000    000000e5     COPY SECTION
                  00000000    000000e5     ble_custom_pem4f.oem4f (xdc.meta)

xdc.noload 
*          0    00000000    00000000     COPY SECTION

.resetVecs 
*          0    00000090    00000000     UNINITIALIZED

.intvecs   0    00000090    00000000     UNINITIALIZED

EntrySection 
*          0    00000090    00000000     UNINITIALIZED

.rodata.1 
*          0    0001c82c    00000004     
                  0001c82c    00000004     OneLib.a : ll_config.o (.rodata)

.cinit     0    0001ed78    00000610     
                  0001ed78    00000539     (.cinit..data.load) [load image, compression = lzss]
                  0001f2b1    00000003     --HOLE-- [fill = 0]
                  0001f2b4    0000000c     (__TI_handler_table)
                  0001f2c0    00000008     (.cinit..TI.bound:dmaSpi0RxAltControlTableEntry.load) [load image, compression = zero_init]
                  0001f2c8    00000008     (.cinit..TI.bound:dmaSpi0RxControlTableEntry.load) [load image, compression = zero_init]
                  0001f2d0    00000008     (.cinit..TI.bound:dmaSpi0TxAltControlTableEntry.load) [load image, compression = zero_init]
                  0001f2d8    00000008     (.cinit..TI.bound:dmaSpi0TxControlTableEntry.load) [load image, compression = zero_init]
                  0001f2e0    00000008     (.cinit..TI.bound:dmaSpi1RxAltControlTableEntry.load) [load image, compression = zero_init]
                  0001f2e8    00000008     (.cinit..TI.bound:dmaSpi1RxControlTableEntry.load) [load image, compression = zero_init]
                  0001f2f0    00000008     (.cinit..TI.bound:dmaSpi1TxAltControlTableEntry.load) [load image, compression = zero_init]
                  0001f2f8    00000008     (.cinit..TI.bound:dmaSpi1TxControlTableEntry.load) [load image, compression = zero_init]
                  0001f300    00000008     (.cinit..bss.load) [load image, compression = zero_init]
                  0001f308    00000008     (.cinit..data:xdcRomConstPtr.load) [load image, compression = lzss]
                  0001f310    00000008     (.cinit..data:xdcRomExternFuncPtr.load) [load image, compression = lzss]
                  0001f318    00000008     (.cinit..data:xdcRomStatePtr.load) [load image, compression = lzss]
                  0001f320    00000068     (__TI_cinit_table)

.TI.bound:flashBuf0 
*          0    00048000    00004000     UNINITIALIZED
                  00048000    00004000     ti_drivers_config.obj (.TI.bound:flashBuf0)

.TI.bound:dmaSpi0RxControlTableEntry 
*          0    20001830    00000010     UNINITIALIZED
                  20001830    00000010     drivers_cc26x2.aem4f : SPICC26X2DMA.oem4f (.TI.bound:dmaSpi0RxControlTableEntry)

.TI.bound:dmaSpi0TxControlTableEntry 
*          0    20001840    00000010     UNINITIALIZED
                  20001840    00000010     drivers_cc26x2.aem4f : SPICC26X2DMA.oem4f (.TI.bound:dmaSpi0TxControlTableEntry)

.TI.bound:dmaSpi1RxControlTableEntry 
*          0    20001900    00000010     UNINITIALIZED
                  20001900    00000010     drivers_cc26x2.aem4f : SPICC26X2DMA.oem4f (.TI.bound:dmaSpi1RxControlTableEntry)

.TI.bound:dmaSpi1TxControlTableEntry 
*          0    20001910    00000010     UNINITIALIZED
                  20001910    00000010     drivers_cc26x2.aem4f : SPICC26X2DMA.oem4f (.TI.bound:dmaSpi1TxControlTableEntry)

.TI.bound:dmaSpi0RxAltControlTableEntry 
*          0    20001a30    00000010     UNINITIALIZED
                  20001a30    00000010     drivers_cc26x2.aem4f : SPICC26X2DMA.oem4f (.TI.bound:dmaSpi0RxAltControlTableEntry)

.TI.bound:dmaSpi0TxAltControlTableEntry 
*          0    20001a40    00000010     UNINITIALIZED
                  20001a40    00000010     drivers_cc26x2.aem4f : SPICC26X2DMA.oem4f (.TI.bound:dmaSpi0TxAltControlTableEntry)

.TI.bound:dmaSpi1RxAltControlTableEntry 
*          0    20001b00    00000010     UNINITIALIZED
                  20001b00    00000010     drivers_cc26x2.aem4f : SPICC26X2DMA.oem4f (.TI.bound:dmaSpi1RxAltControlTableEntry)

.TI.bound:dmaSpi1TxAltControlTableEntry 
*          0    20001b10    00000010     UNINITIALIZED
                  20001b10    00000010     drivers_cc26x2.aem4f : SPICC26X2DMA.oem4f (.TI.bound:dmaSpi1TxAltControlTableEntry)

.data      0    20001b20    00001c7d     UNINITIALIZED
                  20001b20    000009b8     ble_custom.obj (.data:$O2$$)
                  200024d8    000005b8     UartLog.obj (.data:$O16$$)
                  20002a90    000001d4     devinfoservice.obj (.data:$O9$$)
                  20002c64    00000134     drivers_cc26x2.aem4f : PowerCC26X2.oem4f (.data:PowerCC26X2_module)
                  20002d98    0000010c     ble_custom_pem4f.oem4f (.data:ROM_stateStruct)
                  20002ea4    000000f4     StackWrapper.a : gapbondmgr.o (.data)
                  20002f98    000000b0     OneLib.a : gapgattserver.o (.data)
                  20003048    0000009c     icall.obj (.data:$O17$$)
                  200030e4    00000064     ti_ble_config.obj (.data:$O1$$)
                  20003148    00000064     temp_service.obj (.data:$O13$$)
                  200031ac    00000060     nvocmp.obj (.data:$O4$$)
                  2000320c    00000060     OneLib.a : ll_config.o (.data)
                  2000326c    00000050     ti_radio_config.obj (.data:txPowerTable_2400_pa5)
                  200032bc    0000004c     ble_custom_pem4f.oem4f (.data:ti_sysbios_knl_Task_Object__table__V)
                  20003308    00000048     ble_custom_pem4f.oem4f (.data:ti_sysbios_family_arm_cc26xx_Timer_Object__table__V)
                  20003350    00000040     OneLib.a : gattservapp.o (.data)
                  20003390    00000040     ble_user_config.obj (.data:eccParams_NISTP256)
                  200033d0    0000003c     icall_user_config.obj (.data:nvintfFncStruct)
                  2000340c    00000038     led_service.obj (.data:$O11$$)
                  20003444    00000038     ble_custom_pem4f.oem4f (.data:ti_sysbios_gates_GateMutex_Object__table__V)
                  2000347c    00000030     ble_custom_pem4f.oem4f (.data:ti_sysbios_knl_Swi_Module_State_0_readyQ__A)
                  200034ac    00000030     ble_custom_pem4f.oem4f (.data:ti_sysbios_knl_Swi_Object__table__V)
                  200034dc    00000030     ble_custom_pem4f.oem4f (.data:ti_sysbios_knl_Task_Module_State_0_readyQ__A)
                  2000350c    0000002c     ti_radio_config.obj (.data:pOverrides_bleCommon)
                  20003538    00000024     driverlib.lib : osc.obj (.data:$O21$$)
                  2000355c    00000004     OneLib.a : ll_slave_end_causes.o (.data)
                  20003560    00000020     drivers_cc26x2.aem4f : TRNGCC26XX.oem4f (.data:entropyPoolBuffer)
                  20003580    00000020     ble_custom_pem4f.oem4f (.data:ti_sysbios_knl_Clock_Object__table__V)
                  200035a0    00000020     ble_custom_pem4f.oem4f (.data:xdc_runtime_Error_IgnoreBlock)
                  200035c0    00000018     ble_custom_pem4f.oem4f (.data:ti_sysbios_family_arm_m3_Hwi_Object__table__V)
                  200035d8    00000014     ti_drivers_config.obj (.data:gpioCallbackFunctions)
                  200035ec    00000014     ti_drivers_config.obj (.data:gpioPinConfigs)
                  20003600    00000010     OneLib.a : gattservapp.o (.data)
                  20003610    00000010              : ll.o (.data)
                  20003620    00000010              : ll_data.o (.data)
                  20003630    00000010     StackWrapper.a : osal.o (.data)
                  20003640    00000010     icall_user_config.obj (.data:bleAppServiceInfoTable)
                  20003650    00000010     icall_api_lite.obj (.data)
                  20003660    00000010     ti_radio_config.obj (.data:pOverrides_ble2Mbps)
                  20003670    00000010     ti_radio_config.obj (.data:pOverrides_bleCoded)
                  20003680    00000010     main.obj (.data:user0Cfg)
                  20003690    0000000c     ti_radio_config.obj (.data:pOverrides_ble1Mbps)
                  2000369c    0000000c     ble_custom_pem4f.oem4f (.data:ti_sysbios_heaps_HeapCallback_Object__table__V)
                  200036a8    00000009     devinfoservice.obj (.data)
                  200036b1    00000001     OneLib.a : gapgattserver.o (.data)
                  200036b2    00000002              : ll_config.o (.data)
                  200036b4    00000008     icall_cc2650.obj (.data:$O19$$)
                  200036bc    00000008     ble_user_config.obj (.data:$O20$$)
                  200036c4    00000008     rtsv7M4_T_le_v4SPD16_eabi.lib : _lock.c.obj (.data:$O24$$)
                  200036cc    00000008     OneLib.a : gapgattserver.o (.data)
                  200036d4    00000008     drivers_cc26x2.aem4f : PINCC26XX.oem4f (.data)
                  200036dc    00000008                          : TRNGCC26XX.oem4f (.data:jobList)
                  200036e4    00000008     ble_custom_pem4f.oem4f (.data:ti_sysbios_family_arm_m3_Hwi_Module__root__V)
                  200036ec    00000008     ble_custom_pem4f.oem4f (.data:ti_sysbios_gates_GateHwi_Module__root__V)
                  200036f4    00000008     ble_custom_pem4f.oem4f (.data:ti_sysbios_gates_GateMutexPri_Module__root__V)
                  200036fc    00000008     ble_custom_pem4f.oem4f (.data:ti_sysbios_gates_GateMutex_Module__root__V)
                  20003704    00000008     ble_custom_pem4f.oem4f (.data:ti_sysbios_hal_Hwi_Module__root__V)
                  2000370c    00000008     ble_custom_pem4f.oem4f (.data:ti_sysbios_heaps_HeapCallback_Module__root__V)
                  20003714    00000008     ble_custom_pem4f.oem4f (.data:ti_sysbios_heaps_HeapMem_Module__root__V)
                  2000371c    00000008     ble_custom_pem4f.oem4f (.data:ti_sysbios_knl_Clock_Module__root__V)
                  20003724    00000008     ble_custom_pem4f.oem4f (.data:ti_sysbios_knl_Event_Module__root__V)
                  2000372c    00000008     ble_custom_pem4f.oem4f (.data:ti_sysbios_knl_Mailbox_Module__root__V)
                  20003734    00000008     ble_custom_pem4f.oem4f (.data:ti_sysbios_knl_Queue_Module__root__V)
                  2000373c    00000008     ble_custom_pem4f.oem4f (.data:ti_sysbios_knl_Semaphore_Module__root__V)
                  20003744    00000008     ble_custom_pem4f.oem4f (.data:ti_sysbios_knl_Swi_Module__root__V)
                  2000374c    00000008     ble_custom_pem4f.oem4f (.data:ti_sysbios_knl_Task_Module__root__V)
                  20003754    00000005     drivers_cc26x2.aem4f : GPIOCC26XX.oem4f (.data)
                  20003759    00000001     OneLib.a : gapgattserver.o (.data)
                  2000375a    00000002     StackWrapper.a : osal_cbtimer.o (.data)
                  2000375c    00000004                    : hal_assert.o (.data)
                  20003760    00000004     ble_user_config_stack.obj (.data)
                  20003764    00000004     drivers_cc26x2.aem4f : GPIOCC26XX.oem4f (.data:gpioPinTable)
                  20003768    00000004     rtsv7M4_T_le_v4SPD16_eabi.lib : errno.c.obj (.data)
                  2000376c    00000004                                   : stkdepth_vars.c.obj (.data)
                  20003770    00000004     ble_custom_pem4f.oem4f (.data:ti_sysbios_family_arm_m3_Hwi_Module_State_0_excContext__A)
                  20003774    00000004     ble_custom_pem4f.oem4f (.data:ti_sysbios_family_arm_m3_Hwi_Module_State_0_excStack__A)
                  20003778    00000004     ble_custom_pem4f.oem4f (.data:ti_sysbios_knl_Task_Module_State_0_idleTask__A)
                  2000377c    00000002     drivers_cc26x2.aem4f : CryptoResourceCC26XX.oem4f (.data)
                  2000377e    00000002                          : PKAResourceCC26XX.oem4f (.data)
                  20003780    00000002                          : TRNGCC26XX.oem4f (.data)
                  20003782    00000002     temp_service.obj (.data)
                  20003784    00000002     ble_custom_pem4f.oem4f (.data:ti_sysbios_family_arm_m3_Hwi_Module_State_0_excActive__A)
                  20003786    00000001     OneLib.a : gapgattserver.o (.data)
                  20003787    00000001              : gapgattserver.o (.data)
                  20003788    00000001              : gapgattserver.o (.data)
                  20003789    00000001              : gapgattserver.o (.data)
                  2000378a    00000001              : gattservapp.o (.data)
                  2000378b    00000001              : gattservapp.o (.data)
                  2000378c    00000001              : ll_ae.o (.data)
                  2000378d    00000001              : ll_data.o (.data)
                  2000378e    00000001              : ll_scheduler.o (.data)
                  2000378f    00000001     StackWrapper.a : gap.o (.data)
                  20003790    00000001                    : gap.o (.data)
                  20003791    00000001                    : hal_assert.o (.data)
                  20003792    00000001     drivers_cc26x2.aem4f : AESCCMCC26XX.oem4f (.data)
                  20003793    00000001                          : AESCTRCC26XX.oem4f (.data)
                  20003794    00000001                          : AESCTRDRBGXX.oem4f (.data)
                  20003795    00000001                          : AESECBCC26XX.oem4f (.data)
                  20003796    00000001                          : ECDHCC26X2.oem4f (.data)
                  20003797    00000001                          : NVS.oem4f (.data)
                  20003798    00000001                          : SPI.oem4f (.data)
                  20003799    00000001                          : Timer.oem4f (.data)
                  2000379a    00000001                          : UART.oem4f (.data)
                  2000379b    00000001     led_service.obj (.data)
                  2000379c    00000001     rf_multiMode_cc26x2.aem4f : rf_patch_cpe_bt5.c.cc26x2.ccs.o (.data)

.bss       0    200037a0    00001146     UNINITIALIZED
                  200037a0    000004b8     rf_multiMode_cc26x2.aem4f : RFCC26X2_multiMode.c.cc26x2.ccs.o (.bss:$O1$$)
                  20003c58    00000300     ble_custom_pem4f.oem4f (.bss:taskStackSection)
                  20003f58    00000130     (.common:uartCC26XXObjects)
                  20004088    000000d8     (.common:ti_sysbios_family_arm_m3_Hwi_dispatchTable)
                  20004160    000000d4     (.common:spiCC26X2DMAObjects)
                  20004234    0000007c     (.common:pinHandleTable)
                  200042b0    00000078     StackWrapper.a : osal_cbtimer.o (.bss)
                  20004328    00000058     (.common:aesctrdrbgXXObjects)
                  20004380    0000004c     (.common:gptimerCC26XXObjects)
                  200043cc    0000004c     (.common:trngCC26XXObjects)
                  20004418    00000040     ti_drivers_config.obj (.bss:verifyBuf)
                  20004458    0000003c     StackWrapper.a : osal_snv_wrapper.o (.bss)
                  20004494    00000034     drivers_cc26x2.aem4f : PINCC26XX.oem4f (.bss:pinSwi)
                  200044c8    00000034     (.common:timerCC26XXObjects)
                  200044fc    00000020     OneLib.a : gattservapp.o (.bss)
                  2000451c    00000020              : ll.o (.bss)
                  2000453c    00000020     StackWrapper.a : gapbondmgr.o (.bss)
                  2000455c    00000020                    : gapbondmgr.o (.bss)
                  2000457c    00000020     drivers_cc26x2.aem4f : GPIOCC26XX.oem4f (.bss:gpioCallbackInfo)
                  2000459c    00000020                          : PINCC26XX.oem4f (.bss:pinGpioConfigTable)
                  200045bc    00000020     ti_drivers_config.obj (.bss:uartCC26XXRingBuffer0)
                  200045dc    00000020     (.common:ecdhCC26X2Objects)
                  200045fc    00000020     (.common:udmaCC26XXObject)
                  2000461c    0000001c     drivers_cc26x2.aem4f : TRNGCC26XX.oem4f (.bss:TRNGCC26XX_hwi)
                  20004638    0000001c                          : TRNGCC26XX.oem4f (.bss:entropyPool)
                  20004654    0000001c                          : PINCC26XX.oem4f (.bss:pinHwi)
                  20004670    0000001c                          : PINCC26XX.oem4f (.bss:pinSemaphore)
                  2000468c    0000001c     (.common:CryptoResourceCC26XX_accessSemaphore)
                  200046a8    0000001c     (.common:CryptoResourceCC26XX_hwi)
                  200046c4    0000001c     (.common:CryptoResourceCC26XX_operationSemaphore)
                  200046e0    0000001c     (.common:PKAResourceCC26XX_accessSemaphore)
                  200046fc    0000001c     (.common:PKAResourceCC26XX_hwi)
                  20004718    0000001c     (.common:PKAResourceCC26XX_operationSemaphore)
                  20004734    00000018     OneLib.a : gapgattserver.o (.bss)
                  2000474c    00000018              : ll_common.o (.bss)
                  20004764    00000018     (.common:aesccmCC26XXObjects)
                  2000477c    00000018     (.common:aesctrCC26XXObjects)
                  20004794    00000018     (.common:aesecbCC26XXObjects)
                  200047ac    00000014     rf_multiMode_cc26x2.aem4f : RFCC26X2_multiMode.c.cc26x2.ccs.o (.bss:RF_ratSyncCmd)
                  200047c0    00000014     drivers_cc26x2.aem4f : Random.oem4f (.bss:state)
                  200047d4    00000010                          : NVSSPI25X.oem4f (.bss:spiHandles)
                  200047e4    0000000c     OneLib.a : ll.o (.bss)
                  200047f0    0000000c              : ll.o (.bss)
                  200047fc    0000000c              : ll_scheduler.o (.bss)
                  20004808    0000000c     drivers_cc26x2.aem4f : NVSCC26XX.oem4f (.bss)
                  20004814    0000000c                          : NVSSPI25X.oem4f (.bss)
                  20004820    0000000c                          : GPIOCC26XX.oem4f (.bss:gpioPinState)
                  2000482c    0000000c     (.common:nvsSPI25XObjects)
                  20004838    00000008     OneLib.a : ll.o (.bss)
                  20004840    00000008     drivers_cc26x2.aem4f : GPIOCC26XX.oem4f (.bss)
                  20004848    00000004     OneLib.a : gapgattserver.o (.bss)
                  2000484c    00000004              : gattservapp.o (.bss)
                  20004850    00000004              : ll.o (.bss)
                  20004854    00000004              : ll.o (.bss)
                  20004858    00000004              : ll.o (.bss)
                  2000485c    00000004              : ll.o (.bss)
                  20004860    00000004              : ll.o (.bss)
                  20004864    00000004              : ll_ae.o (.bss)
                  20004868    00000004              : ll_common.o (.bss)
                  2000486c    00000004              : ll_enc.o (.bss)
                  20004870    00000004              : ll_privacy.o (.bss)
                  20004874    00000004     StackWrapper.a : gapbondmgr.o (.bss)
                  20004878    00000004                    : gapbondmgr.o (.bss)
                  2000487c    00000004                    : osal.o (.bss)
                  20004880    00000004                    : osal.o (.bss)
                  20004884    00000004                    : osal.o (.bss)
                  20004888    00000004                    : osal.o (.bss)
                  2000488c    00000004                    : osal.o (.bss)
                  20004890    00000004                    : osal.o (.bss)
                  20004894    00000004                    : osal_bufmgr.o (.bss)
                  20004898    00000004                    : osal_clock.o (.bss)
                  2000489c    00000004                    : osal_clock.o (.bss)
                  200048a0    00000004                    : osal_timers.o (.bss)
                  200048a4    00000004                    : osal_timers.o (.bss)
                  200048a8    00000004                    : osal_timers.o (.bss)
                  200048ac    00000004     drivers_cc26x2.aem4f : ECDHCC26X2.oem4f (.bss)
                  200048b0    00000004                          : PINCC26XX.oem4f (.bss)
                  200048b4    00000004                          : NVSSPI25X.oem4f (.bss:spiHandleUsers)
                  200048b8    00000004     (.common:PowerCC26XX_swiKey)
                  200048bc    00000004     (.common:PowerCC26XX_taskKey)
                  200048c0    00000004     (.common:nvsCC26XXObjects)
                  200048c4    00000004     (.common:tasksEvents)
                  200048c8    00000002     OneLib.a : gapgattserver.o (.bss)
                  200048ca    00000002              : ll.o (.bss)
                  200048cc    00000002              : ll_slave_end_causes.o (.bss)
                  200048ce    00000002     StackWrapper.a : osal_pwrmgr.o (.bss)
                  200048d0    00000001     OneLib.a : gapgattserver.o (.bss)
                  200048d1    00000001              : gattservapp.o (.bss)
                  200048d2    00000001              : hci_tl.o (.bss)
                  200048d3    00000001              : hci_tl.o (.bss)
                  200048d4    00000001              : hci_tl.o (.bss)
                  200048d5    00000001              : hci_tl.o (.bss)
                  200048d6    00000001              : hci_tl.o (.bss)
                  200048d7    00000001              : hci_tl.o (.bss)
                  200048d8    00000001              : ll.o (.bss)
                  200048d9    00000001              : ll.o (.bss)
                  200048da    00000001              : ll_ae.o (.bss)
                  200048db    00000001              : ll_config.o (.bss)
                  200048dc    00000001              : ll_config.o (.bss)
                  200048dd    00000001              : ll_enc.o (.bss)
                  200048de    00000001     StackWrapper.a : ble_dispatch_lite.o (.bss)
                  200048df    00000001                    : gapbondmgr.o (.bss)
                  200048e0    00000001                    : gapbondmgr.o (.bss)
                  200048e1    00000001                    : hal_assert.o (.bss)
                  200048e2    00000001                    : osal.o (.bss)
                  200048e3    00000001                    : osal_pwrmgr.o (.bss)
                  200048e4    00000001     rf_multiMode_cc26x2.aem4f : RFCC26X2_multiMode.c.cc26x2.ccs.o (.bss)
                  200048e5    00000001     (.common:driverlib_release_0_57398)

.vtable    0    200048e6    00000000     UNINITIALIZED

.vtable_ram 
*          0    200048e6    00000000     UNINITIALIZED

vtable_ram 
*          0    200048e6    00000000     UNINITIALIZED

.sysmem    0    200048e6    00000000     UNINITIALIZED

.nonretenvar 
*          0    200048e6    00000000     UNINITIALIZED

.stack     0    20013c00    00000400     UNINITIALIZED
                  20013c00    00000400     --HOLE--

.text      0    000000d0    0001c75c     
                  000000d0    00000ca0     ble_custom.obj (.text:ProjectZero_taskFxn$2)
                  00000d70    00000a52     rtsv7M4_T_le_v4SPD16_eabi.lib : _printfi.c.obj (.text:__TI_printfi)
                  000017c2    00000002     ble_user_config.obj (.text:DefaultAssertCback)
                  000017c4    000009b4     StackWrapper.a : gapbondmgr.o (.text)
                  00002178    00000758                    : gapbondmgr.o (.text)
                  000028d0    000006bc     OneLib.a : ll_adv_end_causes.o (.text)
                  00002f8c    000005dc     rtsv7M4_T_le_v4SPD16_eabi.lib : k_rem_pio2.c.obj (.text:__kernel_rem_pio2)
                  00003568    000005c0                                   : s_sin.c.obj (.text:sin)
                  00003b28    000004e0     OneLib.a : ll_slave_end_causes.o (.text)
                  00004008    000004a4     rf_multiMode_cc26x2.aem4f : RFCC26X2_multiMode.c.cc26x2.ccs.o (.text:RF_fsmActiveState)
                  000044ac    00000482     nvocmp.obj (.text:NVOCMP_initNv$5)
                  0000492e    00000002     rom_init.obj (.text:MAP_llDmmDynamicFree)
                  00004930    00000464     OneLib.a : ll.o (.text)
                  00004d94    00000450              : ll_isr.o (.text)
                  000051e4    0000044c              : ll_ae.o (.text)
                  00005630    00000434     ble_custom.obj (.text:ProjectZero_init$2)
                  00005a64    000003c4     OneLib.a : ble.o (.text)
                  00005e28    00000388              : ll_slave_end_causes.o (.text)
                  000061b0    00000350              : ll_isr.o (.text)
                  00006500    00000308              : ll.o (.text)
                  00006808    000002f4              : ll_ae.o (.text)
                  00006afc    000002f4     drivers_cc26x2.aem4f : SPICC26X2DMA.oem4f (.text:SPICC26X2DMA_transfer)
                  00006df0    000002c0     nvocmp.obj (.text:NVOCMP_compactPage$5)
                  000070b0    00000278     nvocmp.obj (.text:NVOCMP_compact$5)
                  00007328    00000268     rtsv7M4_T_le_v4SPD16_eabi.lib : _printfi.c.obj (.text:_pconv_a$50)
                  00007590    0000025c     nvocmp.obj (.text:NVOCMP_addItem$5)
                  000077ec    0000025c     drivers_cc26x2.aem4f : SPICC26X2DMA.oem4f (.text:SPICC26X2DMA_hwiFxn)
                  00007a48    0000025c     StackWrapper.a : gapbondmgr.o (.text)
                  00007ca4    00000250     OneLib.a : ll_data.o (.text)
                  00007ef4    0000024c     StackWrapper.a : gapbondmgr.o (.text)
                  00008140    00000240     OneLib.a : ll_ae.o (.text)
                  00008380    0000023c              : ll_common.o (.text)
                  000085bc    00000230              : ll_scheduler.o (.text)
                  000087ec    00000214              : ll_ae.o (.text)
                  00008a00    00000210     rf_multiMode_cc26x2.aem4f : RFCC26X2_multiMode.c.cc26x2.ccs.o (.text:RF_scheduleCmd)
                  00008c10    00000204     OneLib.a : gattservapp.o (.text)
                  00008e14    00000204              : ll_isr.o (.text)
                  00009018    00000200     rf_multiMode_cc26x2.aem4f : RFCC26X2_multiMode.c.cc26x2.ccs.o (.text:RF_open)
                  00009218    000001fc     OneLib.a : ll_scheduler.o (.text)
                  00009414    000001ee     main.obj (.text:AssertHandler)
                  00009602    00000002     rom_init.obj (.text:MAP_llDmmSetThreshold)
                  00009604    000001ec     OneLib.a : ll_isr.o (.text)
                  000097f0    000001ec     temp_service.obj (.text:TEMP_Service_WriteAttrCB$12)
                  000099dc    000001e0     osal_icall_ble.obj (.text:stack_main)
                  00009bbc    000001dc     StackWrapper.a : osal.o (.text)
                  00009d98    000001d4     rf_multiMode_cc26x2.aem4f : RFCC26X2_multiMode.c.cc26x2.ccs.o (.text:RF_dispatchNextCmd)
                  00009f6c    000001d0     drivers_cc26x2.aem4f : ECDHCC26X2.oem4f (.text:ECDHCC26X2_runFSM)
                  0000a13c    000001d0     rtsv7M4_T_le_v4SPD16_eabi.lib : _printfi.c.obj (.text:_pconv_g$50)
                  0000a30c    000001c4     OneLib.a : ll.o (.text)
                  0000a4d0    000001c4     drivers_cc26x2.aem4f : PINCC26XX.oem4f (.text:PIN_init)
                  0000a694    000001bc     UartLog.obj (.text:uartLog_flush)
                  0000a850    000001b6     rtsv7M4_T_le_v4SPD16_eabi.lib : fd_add_t2.asm.obj (.text)
                  0000aa06    00000002     rf_multiMode_cc26x2.aem4f : rfc.c.cc26x2.ccs.o (.text:NOROM_RFCCpePatchReset)
                  0000aa08    000001ac     led_service.obj (.text:LED_Service_WriteAttrCB$11)
                  0000abb4    00000198     drivers_cc26x2.aem4f : PowerCC26X2.oem4f (.text:Power_sleep)
                  0000ad4c    00000194                          : PowerCC26X2.oem4f (.text:Power_init)
                  0000aee0    00000190                          : PowerCC26X2_calibrateRCOSC.oem4f (.text:calibrateRcoscHf1)
                  0000b070    00000190     icall.obj (.text:icall_directAPI)
                  0000b200    0000018c     drivers_cc26x2.aem4f : PowerCC26X2_calibrateRCOSC.oem4f (.text:runCalibrateFsm)
                  0000b38c    00000174     OneLib.a : gattservapp.o (.text)
                  0000b500    00000174              : ll_isr.o (.text)
                  0000b674    00000174     rtsv7M4_T_le_v4SPD16_eabi.lib : k_sin.c.obj (.text:__kernel_sin)
                  0000b7e8    00000174     drivers_cc26x2.aem4f : SPICC26X2DMA.oem4f (.text:configNextTransfer)
                  0000b95c    00000170                          : SPICC26X2DMA.oem4f (.text:SPICC26X2DMA_transferCancel)
                  0000bacc    0000016c     rtsv7M4_T_le_v4SPD16_eabi.lib : k_cos.c.obj (.text:__kernel_cos)
                  0000bc38    00000168     drivers_cc26x2.aem4f : NVSSPI25X.oem4f (.text:NVSSPI25X_write)
                  0000bda0    00000164                          : UARTCC26XX.oem4f (.text:UARTCC26XX_open)
                  0000bf04    00000162     StackWrapper.a : osal.o (.text)
                  0000c066    00000002     drivers_cc26x2.aem4f : NVSSPI25X.oem4f (.text:NVSSPI25X_deinitSpiCs)
                  0000c068    00000160     driverlib.lib : sys_ctrl.obj (.text:NOROM_SysCtrlStandby)
                  0000c1c8    0000015c     temp_service.obj (.text:TEMP_Service_ReadAttrCB$12)
                  0000c324    00000154     nvocmp.obj (.text:NVOCMP_migratePage$5)
                  0000c478    00000154     drivers_cc26x2.aem4f : UARTCC26XX.oem4f (.text:UARTCC26XX_hwiIntFxn)
                  0000c5cc    00000150                          : SPICC26X2DMA.oem4f (.text:SPICC26X2DMA_open)
                  0000c71c    0000014c     OneLib.a : ll_common.o (.text)
                  0000c868    0000014c              : ll_isr.o (.text)
                  0000c9b4    00000148     rf_multiMode_cc26x2.aem4f : RFCC26X2_multiMode.c.cc26x2.ccs.o (.text:RF_fsmSetupState)
                  0000cafc    00000144     StackWrapper.a : gap.o (.text)
                  0000cc40    00000144     temp_service.obj (.text:TempService_SetParameter)
                  0000cd84    00000140     led_service.obj (.text:LED_Service_ReadAttrCB$11)
                  0000cec4    00000140     OneLib.a : gattservapp.o (.text)
                  0000d004    00000140     drivers_cc26x2.aem4f : SPICC26X2DMA.oem4f (.text:initIO)
                  0000d144    0000013c     rf_multiMode_cc26x2.aem4f : RFCC26X2_multiMode.c.cc26x2.ccs.o (.text:RF_ratSetupChannel)
                  0000d280    0000013c     rtsv7M4_T_le_v4SPD16_eabi.lib : _printfi.c.obj (.text:_pconv_e$50)
                  0000d3bc    0000013a     drivers_cc26x2.aem4f : UARTCC26XX.oem4f (.text:UARTCC26XX_read)
                  0000d4f6    00000002     OneLib.a : ll.o (.text)
                  0000d4f8    00000138     nvocmp.obj (.text:NVOCMP_findItem$5)
                  0000d630    00000138     drivers_cc26x2.aem4f : NVSCC26XX.oem4f (.text:NVSCC26XX_write)
                  0000d768    00000138     ble_custom.obj (.text:ProjectZero_handleUpdateLinkEvent$2)
                  0000d8a0    00000136     rtsv7M4_T_le_v4SPD16_eabi.lib : fd_div_t2.asm.obj (.text)
                  0000d9d6    00000002     OneLib.a : ll.o (.text)
                  0000d9d8    00000134     rf_multiMode_cc26x2.aem4f : RFCC26X2_multiMode.c.cc26x2.ccs.o (.text:RF_abortCmd)
                  0000db0c    00000130     drivers_cc26x2.aem4f : AESCCMCC26XX.oem4f (.text:AESCCM_startOperation)
                  0000dc3c    00000130     OneLib.a : ll_ae.o (.text)
                  0000dd6c    0000012c              : gap_advertiser.o (.text)
                  0000de98    00000124              : ll_scheduler.o (.text)
                  0000dfbc    00000124     rtsv7M4_T_le_v4SPD16_eabi.lib : _printfi.c.obj (.text:fcvt$50)
                  0000e0e0    00000120     OneLib.a : ll_common.o (.text)
                  0000e200    00000120              : ll_data.o (.text)
                  0000e320    00000120     drivers_cc26x2.aem4f : PowerCC26X2.oem4f (.text:configureXOSCHF)
                  0000e440    0000011c     rf_multiMode_cc26x2.aem4f : RFCC26X2_multiMode.c.cc26x2.ccs.o (.text:RF_radioOpDoneCb)
                  0000e55c    00000112                               : RFCC26X2_multiMode.c.cc26x2.ccs.o (.text:RF_decodeOverridePointers)
                  0000e66e    00000002                               : RFCC26X2_multiMode.c.cc26x2.ccs.o (.text:RF_defaultCallback)
                  0000e670    00000110     drivers_cc26x2.aem4f : GPIOCC26XX.oem4f (.text:GPIO_setConfig)
                  0000e780    00000110     rf_multiMode_cc26x2.aem4f : RFCC26X2_multiMode.c.cc26x2.ccs.o (.text:RF_initRadioSetup)
                  0000e890    00000110     rtsv7M4_T_le_v4SPD16_eabi.lib : s_scalbn.c.obj (.text:scalbn)
                  0000e9a0    0000010c     OneLib.a : gatt_client.o (.text)
                  0000eaac    00000108              : gap_task.o (.text)
                  0000ebb4    00000106     ble_custom_pem4f.oem4f (.text:xdc_runtime_System_printfExtend__I)
                  0000ecba    00000002     StackWrapper.a : common_rom_init.o (.text)
                  0000ecbc    00000104     drivers_cc26x2.aem4f : AESECBCC26XX.oem4f (.text:AESECB_startOperation)
                  0000edc0    00000104     rf_multiMode_cc26x2.aem4f : RFCC26X2_multiMode.c.cc26x2.ccs.o (.text:RF_hwiCpe0Active)
                  0000eec4    000000fc     rtsv7M4_T_le_v4SPD16_eabi.lib : fd_mul_t2.asm.obj (.text)
                  0000efc0    000000fa     ble_custom.obj (.text:ProjectZero_TempService_ValueChangeCB$2)
                  0000f0ba    00000002     StackWrapper.a : hal_assert.o (.text)
                  0000f0bc    000000f8     drivers_cc26x2.aem4f : NVSSPI25X.oem4f (.text:NVSSPI25X_open)
                  0000f1b4    000000f8     OneLib.a : sm_rsppairing.o (.text)
                  0000f2ac    000000f8     drivers_cc26x2.aem4f : PINCC26XX.oem4f (.text:PINCC26XX_setIoCfg)
                  0000f3a4    000000f8     rtsv7M4_T_le_v4SPD16_eabi.lib : s_floor.c.obj (.text:floor)
                  0000f49c    000000f4     drivers_cc26x2.aem4f : AESCTRCC26XX.oem4f (.text:AESCTR_startOperation)
                  0000f590    000000f4                          : ECDHCC26X2.oem4f (.text:ECDH_computeSharedSecret)
                  0000f684    000000f4     OneLib.a : ll_isr.o (.text)
                  0000f778    000000f4     drivers_cc26x2.aem4f : SPICC26X2DMA.oem4f (.text:SPICC26X2DMA_control)
                  0000f86c    000000f4     UartLog.obj (.text:UartLog_log)
                  0000f960    000000f0     OneLib.a : ll_common.o (.text)
                  0000fa50    000000f0              : ll_scheduler.o (.text)
                  0000fb40    000000f0     rf_multiMode_cc26x2.aem4f : RFCC26X2_multiMode.c.cc26x2.ccs.o (.text:RF_fsmPowerUpState)
                  0000fc30    000000ec     nvocmp.obj (.text:NVOCMP_cleanPage$5)
                  0000fd1c    000000e4     OneLib.a : gapgattserver.o (.text)
                  0000fe00    000000e4              : ll_ae.o (.text)
                  0000fee4    000000e0     StackWrapper.a : osal_timers.o (.text)
                  0000ffc4    000000e0     drivers_cc26x2.aem4f : UARTCC26XX.oem4f (.text:UARTCC26XX_write)
                  000100a4    000000dc                          : TimerCC26XX.oem4f (.text:TimerCC26XX_open)
                  00010180    000000d8     driverlib.lib : setup.obj (.text:NOROM_SetupTrimDevice)
                  00010258    000000d8     rf_multiMode_cc26x2.aem4f : RFCC26X2_multiMode.c.cc26x2.ccs.o (.text:RF_control)
                  00010330    000000d8     driverlib.lib : setup.obj (.text:TrimAfterColdResetWakeupFromShutDown$27)
                  00010408    000000d4     rf_multiMode_cc26x2.aem4f : RFCC26X2_multiMode.c.cc26x2.ccs.o (.text:RF_pendCmd)
                  000104dc    000000d2                               : RFCC26X2_multiMode.c.cc26x2.ccs.o (.text:RF_updatePaConfiguration)
                  000105ae    00000002     StackWrapper.a : hal_assert.o (.text)
                  000105b0    000000d0     rf_multiMode_cc26x2.aem4f : RFCC26X2_multiMode.c.cc26x2.ccs.o (.text:RF_swiHw)
                  00010680    000000cc     OneLib.a : hci_event.o (.text)
                  0001074c    000000cc     StackWrapper.a : osal.o (.text)
                  00010818    000000c8     OneLib.a : gap_scanner.o (.text)
                  000108e0    000000c8              : gapgattserver.o (.text)
                  000109a8    000000c8              : ll_scheduler.o (.text)
                  00010a70    000000c4     drivers_cc26x2.aem4f : GPIOCC26XX.oem4f (.text:GPIO_init)
                  00010b34    000000c4     main.obj (.text:main)
                  00010bf8    000000c0     nvocmp.obj (.text:NVOCMP_erase$5)
                  00010cb8    000000c0     OneLib.a : ll.o (.text)
                  00010d78    000000c0     drivers_cc26x2.aem4f : PowerCC26X2.oem4f (.text:Power_releaseDependency)
                  00010e38    000000c0                          : UARTCC26XX.oem4f (.text:UARTCC26XX_initIO)
                  00010ef8    000000bc                          : AESCTRDRBGXX.oem4f (.text:AESCTRDRBG_getBytes)
                  00010fb4    000000bc     OneLib.a : ll_ecc.o (.text)
                  00011070    000000bb     ble_custom.obj (.text:ProjectZero_LedService_ValueChangeCB$2)
                  0001112b    00000001     --HOLE-- [fill = 0]
                  0001112c    000000b8     OneLib.a : ll.o (.text)
                  000111e4    000000b8              : ll_isr.o (.text)
                  0001129c    000000b8              : ll_scheduler.o (.text)
                  00011354    000000b8              : ll_scheduler.o (.text)
                  0001140c    000000b8              : ll_slave_end_causes.o (.text)
                  000114c4    000000b8     drivers_cc26x2.aem4f : PowerCC26X2.oem4f (.text:Power_setDependency)
                  0001157c    000000b8     StackWrapper.a : gapbondmgr.o (.text)
                  00011634    000000b8     drivers_cc26x2.aem4f : UARTCC26XX.oem4f (.text:UARTCC26XX_initHw)
                  000116ec    000000b8                          : NVSSPI25X.oem4f (.text:doErase)
                  000117a4    000000b4                          : ECDHCC26X2.oem4f (.text:ECDH_generatePublicKey)
                  00011858    000000b4     OneLib.a : ll_ae.o (.text)
                  0001190c    000000b4     dpl_cc26x2.aem4f : PowerCC26X2_tirtos.oem4f (.text:PowerCC26XX_standbyPolicy)
                  000119c0    000000b4     drivers_cc26x2.aem4f : TRNGCC26XX.oem4f (.text:TRNG_generateEntropy)
                  00011a74    000000b1     rtsv7M4_T_le_v4SPD16_eabi.lib : _printfi.c.obj (.text:_ltostr$50)
                  00011b25    00000001     --HOLE-- [fill = 0]
                  00011b26    00000002     StackWrapper.a : onboard.o (.text)
                  00011b28    000000b0     drivers_cc26x2.aem4f : AESCTRDRBGXX.oem4f (.text:AESCTRDRBG_construct)
                  00011bd8    000000b0     devinfoservice.obj (.text:devInfo_ReadAttrCB$8)
                  00011c88    000000ac     drivers_cc26x2.aem4f : ECDHCC26X2.oem4f (.text:ECDHCC26X2_hwiFxn)
                  00011d34    000000ac                          : PINCC26XX.oem4f (.text:PIN_open)
                  00011de0    000000a8     nvocmp.obj (.text:NVOCMP_initNvApi$5)
                  00011e88    000000a8     OneLib.a : hci_data.o (.text)
                  00011f30    000000a8     StackWrapper.a : gapbondmgr.o (.text)
                  00011fd8    000000a6     drivers_cc26x2.aem4f : AESCTRDRBGXX.oem4f (.text:AESCTRDRBG_reseed)
                  0001207e    00000002                          : TimerCC26XX.oem4f (.text:TimerCC26XX_init)
                  00012080    000000a4     rf_multiMode_cc26x2.aem4f : RFCC26X2_multiMode.c.cc26x2.ccs.o (.text:RF_ratRestartChannels)
                  00012124    000000a4     StackWrapper.a : osal_cbtimer.o (.text)
                  000121c8    000000a0     OneLib.a : gattservapp.o (.text)
                  00012268    000000a0              : ll_ae.o (.text)
                  00012308    000000a0              : ll_common.o (.text)
                  000123a8    000000a0     ble_custom.obj (.text:ProjectZero_updatePHYStat$2)
                  00012448    000000a0     auto_init.aem4f : auto_init.oem4f (.text)
                  000124e8    000000a0     rom_sysbios.aem4f : rom_sysbios.obj (.text:ti_sysbios_knl_Task_setPri__E)
                  00012588    0000009c     nvocmp.obj (.text:NVOCMP_readHeader$5)
                  00012624    0000009c     OneLib.a : ll_common.o (.text)
                  000126c0    0000009c              : ll_ecc.o (.text)
                  0001275c    0000009c     rtsv7M4_T_le_v4SPD16_eabi.lib : memcpy_t2.asm.obj (.text)
                  000127f8    00000098     OneLib.a : gattservapp.o (.text)
                  00012890    00000098              : hci_event.o (.text)
                  00012928    00000098              : ll_enc.o (.text)
                  000129c0    00000098     rf_multiMode_cc26x2.aem4f : RFCC26X2_multiMode.c.cc26x2.ccs.o (.text:RF_calculateDispatchTime)
                  00012a58    00000098     ble_custom.obj (.text:timerCallback)
                  00012af0    00000098     drivers_cc26x2.aem4f : UARTCC26XX.oem4f (.text:writeTxFifoFlush)
                  00012b88    00000096     rtsv7M4_T_le_v4SPD16_eabi.lib : ull_div_t2.asm.obj (.text)
                  00012c1e    00000002                                   : _lock.c.obj (.text:_nop)
                  00012c20    00000094     icall.obj (.text:ICall_setTimer)
                  00012cb4    00000094     nvocmp.obj (.text:NVOCMP_getDstPage$5)
                  00012d48    00000094     OneLib.a : gatt_server.o (.text)
                  00012ddc    00000094              : ll.o (.text)
                  00012e70    00000094              : ll_scheduler.o (.text)
                  00012f04    00000094     ble_custom.obj (.text:ProjectZero_TempService_ValueChangeHandler$2)
                  00012f98    00000094     ble_custom.obj (.text:ProjectZero_sendParamUpdate$2)
                  0001302c    00000094     rf_multiMode_cc26x2.aem4f : RFCC26X2_multiMode.c.cc26x2.ccs.o (.text:RF_getInfo)
                  000130c0    00000094     drivers_cc26x2.aem4f : TRNGCC26XX.oem4f (.text:TRNGCC26XX_hwiFxn)
                  00013154    00000094     ble_custom.obj (.text:updateTimer)
                  000131e8    00000092     drivers_cc26x2.aem4f : UARTCC26XX.oem4f (.text:UARTCC26XX_writeCancel)
                  0001327a    00000002                          : PowerCC26X2.oem4f (.text:emptyClockFunc)
                  0001327c    00000090     CC26X2R1_LAUNCHXL_fxns.obj (.text:CC26X2R1_LAUNCHXL_shutDownExtFlash)
                  0001330c    00000090     OneLib.a : ll.o (.text)
                  0001339c    00000090              : ll_ae.o (.text)
                  0001342c    00000090              : ll_ae.o (.text)
                  000134bc    00000090     rf_multiMode_cc26x2.aem4f : RFCC26X2_multiMode.c.cc26x2.ccs.o (.text:RF_discardPendCmd)
                  0001354c    00000090     osal_icall_ble.obj (.text:osalInitTasks)
                  000135dc    0000008e     drivers_cc26x2.aem4f : CryptoUtils.oem4f (.text:CryptoUtils_reverseCopyPad)
                  0001366a    00000002                          : CryptoResourceCC26XX.oem4f (.text:errorSpin)
                  0001366c    0000008c     icall.obj (.text:ICall_heapMalloc)
                  000136f8    0000008c     OneLib.a : ll_common.o (.text)
                  00013784    0000008c     rom_sysbios.aem4f : rom_sysbios.obj (.text:ti_sysbios_gates_GateMutexPri_enter__E)
                  00013810    0000008c     ble_custom.obj (.text:util_arrtohex$2)
                  0001389c    0000008a     drivers_cc26x2.aem4f : AESCTRDRBGXX.oem4f (.text:AESCTRDRBGXX_updateState)
                  00013926    00000002                          : PKAResourceCC26XX.oem4f (.text:errorSpin)
                  00013928    00000088                          : GPTimerCC26XX.oem4f (.text:GPTimerCC26XX_open)
                  000139b0    00000088     driverlib.lib : osc.obj (.text:NOROM_OSCHF_AttemptToSwitchToXosc)
                  00013a38    00000088     OneLib.a : hci_event.o (.text)
                  00013ac0    00000088     rf_multiMode_cc26x2.aem4f : RFCC26X2_multiMode.c.cc26x2.ccs.o (.text:RF_cmdDispatchTime)
                  00013b48    00000088     StackWrapper.a : osal_cbtimer.o (.text)
                  00013bd0    00000088     drivers_cc26x2.aem4f : PowerCC26X2_calibrateRCOSC.oem4f (.text:calibrateRcoscHf2)
                  00013c58    00000088                          : PowerCC26X2.oem4f (.text:disableLFClockQualifiers)
                  00013ce0    00000088                          : PowerCC26X2_calibrateRCOSC.oem4f (.text:updateSubSecInc)
                  00013d68    00000086     rtsv7M4_T_le_v4SPD16_eabi.lib : fd_cmp_t2.asm.obj (.text:__aeabi_cdcmple)
                  00013dee    00000086                                   : fd_cmp_t2.asm.obj (.text:__aeabi_cdrcmple)
                  00013e74    00000084     drivers_cc26x2.aem4f : NVSSPI25X.oem4f (.text:NVSSPI25X_close)
                  00013ef8    00000084     rf_multiMode_cc26x2.aem4f : RFCC26X2_multiMode.c.cc26x2.ccs.o (.text:RF_issueRadioFreeCb)
                  00013f7c    00000084                               : RFCC26X2_multiMode.c.cc26x2.ccs.o (.text:RF_verifyGap)
                  00014000    00000084     drivers_cc26x2.aem4f : UARTCC26XX.oem4f (.text:UARTCC26XX_close)
                  00014084    00000080                          : NVSCC26XX.oem4f (.text:NVSCC26XX_open)
                  00014104    00000080     OneLib.a : ll_enc.o (.text)
                  00014184    00000080     rom_sysbios.aem4f : rom_sysbios.obj (.text:ti_sysbios_family_arm_cc26xx_Timer_start__E)
                  00014204    0000007e     OneLib.a : gap_task.o (.text)
                  00014282    00000002     icall_api_lite.obj (.text:rfErrCb)
                  00014284    0000007c     nvocmp.obj (.text:NVOCMP_readItemApi$5)
                  00014300    0000007c     OneLib.a : ll_enc.o (.text)
                  0001437c    0000007c     rf_multiMode_cc26x2.aem4f : RFCC26X2_multiMode.c.cc26x2.ccs.o (.text:RF_ratFreeChannel)
                  000143f8    0000007c     StackWrapper.a : gapbondmgr.o (.text)
                  00014474    0000007c     drivers_cc26x2.aem4f : NVSSPI25X.oem4f (.text:doRead)
                  000144f0    0000007a     OneLib.a : gattservapp.o (.text)
                  0001456a    0000007a     rtsv7M4_T_le_v4SPD16_eabi.lib : memset_t2.asm.obj (.text)
                  000145e4    00000078     icall.obj (.text:ICall_heapInit)
                  0001465c    00000078     nvocmp.obj (.text:NVOCMP_checkItem$5)
                  000146d4    00000078     nvocmp.obj (.text:NVOCMP_writeItemApi$5)
                  0001474c    00000078     OneLib.a : ll_common.o (.text)
                  000147c4    00000078     StackWrapper.a : osal_cbtimer.o (.text)
                  0001483c    00000078     drivers_cc26x2.aem4f : NVSSPI25X.oem4f (.text:doWriteVerify)
                  000148b4    00000076     StackWrapper.a : gap.o (.text)
                  0001492a    00000002     rtsv7M4_T_le_v4SPD16_eabi.lib : div0.asm.obj (.text)
                  0001492c    00000074     drivers_cc26x2.aem4f : GPTimerCC26XX.oem4f (.text:GPTimerCC26XX_resetHw)
                  000149a0    00000074                          : PowerCC26X2_calibrateRCOSC.oem4f (.text:PowerCC26X2_auxISR)
                  00014a14    00000074                          : TRNGCC26XX.oem4f (.text:TRNG_construct)
                  00014a88    00000074     rom_sysbios.aem4f : rom_sysbios.obj (.text:ti_sysbios_gates_GateMutexPri_leave__E)
                  00014afc    00000072     rf_multiMode_cc26x2.aem4f : RFCC26X2_multiMode.c.cc26x2.ccs.o (.text:RF_detachOverrides)
                  00014b6e    00000072     drivers_cc26x2.aem4f : SPICC26X2DMA.oem4f (.text:csnCallback)
                  00014be0    00000070                          : AESCCMCC26XX.oem4f (.text:AESCCM_cleanup)
                  00014c50    00000070     icall.obj (.text:ICall_heapGetStats)
                  00014cc0    00000070     rf_multiMode_cc26x2.aem4f : rfc.c.cc26x2.ccs.o (.text:NOROM_RFCAnaDivTxOverride)
                  00014d30    00000070     nvocmp.obj (.text:NVOCMP_eraseNvApi$5)
                  00014da0    00000070     OneLib.a : gatt_server.o (.text)
                  00014e10    00000070              : ll_common.o (.text)
                  00014e80    00000070              : ll_enc.o (.text)
                  00014ef0    00000070     drivers_cc26x2.aem4f : PINCC26XX.oem4f (.text:PIN_add)
                  00014f60    00000070     rf_multiMode_cc26x2.aem4f : RFCC26X2_multiMode.c.cc26x2.ccs.o (.text:RF_hwiHw)
                  00014fd0    00000070                               : RFCC26X2_multiMode.c.cc26x2.ccs.o (.text:RF_ratDisableChannel)
                  00015040    00000070     drivers_cc26x2.aem4f : Random.oem4f (.text:Random_seedAutomatic)
                  000150b0    00000070     StackWrapper.a : osal.o (.text)
                  00015120    0000006e     OneLib.a : gatt_server.o (.text)
                  0001518e    0000006e     rf_multiMode_cc26x2.aem4f : RFCC26X2_multiMode.c.cc26x2.ccs.o (.text:RF_attachOverrides)
                  000151fc    0000006e                               : RFCC26X2_multiMode.c.cc26x2.ccs.o (.text:RF_howToSchedule)
                  0001526a    0000006e     rtsv7M4_T_le_v4SPD16_eabi.lib : _printfi.c.obj (.text:_mcpy$50)
                  000152d8    0000006e                                   : fd_tos_t2.asm.obj (.text)
                  00015346    00000002     ble_custom_pem4f.oem4f (.text:ti_sysbios_BIOS_nullFunc__I)
                  00015348    0000006d     rom_sysbios.aem4f : rom_sysbios.obj (.text:xdc_runtime_System_formatNum__I)
                  000153b5    00000001     --HOLE-- [fill = 0]
                  000153b6    00000002                       : rom_sysbios.obj (.text:ti_sysbios_heaps_HeapCallback_defaultDelete)
                  000153b8    0000006c     OneLib.a : ll_common.o (.text)
                  00015424    0000006c              : ll_isr.o (.text)
                  00015490    0000006c     rf_multiMode_cc26x2.aem4f : RFCC26X2_multiMode.c.cc26x2.ccs.o (.text:RF_getCurrentTime)
                  000154fc    0000006c     StackWrapper.a : osal_cbtimer.o (.text)
                  00015568    00000068     icall.obj (.text:ICall_send)
                  000155d0    00000068     icall.obj (.text:ICall_sendServiceComplete)
                  00015638    00000068     driverlib.lib : osc.obj (.text:NOROM_OSCHF_SwitchToRcOscTurnOffXosc)
                  000156a0    00000068     nvocmp.obj (.text:NVOCMP_findOffset$5)
                  00015708    00000068     nvocmp.obj (.text:NVOCMP_getFreeNvApi$5)
                  00015770    00000068     OneLib.a : gattservapp.o (.text)
                  000157d8    00000068     StackWrapper.a : osal_timers.o (.text)
                  00015840    00000068     rtsv7M4_T_le_v4SPD16_eabi.lib : copy_decompress_lzss.c.obj (.text:decompress:lzss:__TI_decompress_lzss)
                  000158a8    00000066     OneLib.a : ll_common.o (.text)
                  0001590e    00000002     rom_sysbios.aem4f : rom_sysbios.obj (.text:xdc_runtime_SysCallback_defaultAbort)
                  00015910    00000064     drivers_cc26x2.aem4f : AESCCMCC26XX.oem4f (.text:AESCCM_waitForResult)
                  00015974    00000064                          : AESCTRCC26XX.oem4f (.text:AESCTR_waitForResult)
                  000159d8    00000064                          : AESECBCC26XX.oem4f (.text:AESECB_waitForResult)
                  00015a3c    00000064     nvocmp.obj (.text:NVOCMP_copyItem$5)
                  00015aa0    00000064     nvocmp.obj (.text:NVOCMP_findSignature$5)
                  00015b04    00000064     OneLib.a : gapgattserver.o (.text)
                  00015b68    00000064              : gattservapp.o (.text)
                  00015bcc    00000064     rf_multiMode_cc26x2.aem4f : RFCC26X2_multiMode.c.cc26x2.ccs.o (.text:RF_dispatchNextEvent)
                  00015c30    00000064     drivers_cc26x2.aem4f : UARTCC26XX.oem4f (.text:UARTCC26XX_control)
                  00015c94    00000064     rtsv7M4_T_le_v4SPD16_eabi.lib : s_frexp.c.obj (.text:frexp)
                  00015cf8    00000062     gattservapp_util.obj (.text:GATTServApp_ProcessCCCWriteReq)
                  00015d5a    00000062     StackWrapper.a : icall_lite_translation.o (.text)
                  00015dbc    00000062     drivers_cc26x2.aem4f : UARTCC26XX.oem4f (.text:UARTCC26XX_swiIntFxn)
                  00015e1e    00000002     rom_sysbios.aem4f : rom_sysbios.obj (.text:xdc_runtime_SysCallback_defaultExit)
                  00015e20    00000060     drivers_cc26x2.aem4f : AESCCMCC26XX.oem4f (.text:AESCCM_hwiFxn)
                  00015e80    00000060                          : AESCTRCC26XX.oem4f (.text:AESCTR_hwiFxn)
                  00015ee0    00000060                          : AESECBCC26XX.oem4f (.text:AESECB_hwiFxn)
                  00015f40    00000060                          : CryptoResourceCC26XX.oem4f (.text:CryptoResourceCC26XX_constructRTOSObjects)
                  00015fa0    00000060                          : GPIOCC26XX.oem4f (.text:GPIO_write)
                  00016000    00000060     icall.obj (.text:ICall_createRemoteTasksAtRuntime)
                  00016060    00000060     icall.obj (.text:ICall_enrollService)
                  000160c0    00000060     OneLib.a : ll_ae.o (.text)
                  00016120    00000060              : ll_common.o (.text)
                  00016180    00000060     drivers_cc26x2.aem4f : PKAResourceCC26XX.oem4f (.text:PKAResourceCC26XX_constructRTOSObjects)
                  000161e0    00000060     rf_multiMode_cc26x2.aem4f : RFCC26X2_multiMode.c.cc26x2.ccs.o (.text:RF_applyRfCorePatch)
                  00016240    00000060     StackWrapper.a : gapbondmgr.o (.text)
                  000162a0    00000060     drivers_cc26x2.aem4f : TRNGCC26XX.oem4f (.text:TRNGCC26XX_startTrng)
                  00016300    0000005e     icall.obj (.text:ICall_fetchMsg)
                  0001635e    00000002     rom_sysbios.aem4f : rom_sysbios.obj (.text:xdc_runtime_SysCallback_defaultFlush)
                  00016360    0000005c     icall.obj (.text:ICall_pwrUpdActivityCounter)
                  000163bc    0000005c     nvocmp.obj (.text:NVOCMP_readItem$5)
                  00016418    0000005c     OneLib.a : gap_perilinkmgr.o (.text)
                  00016474    0000005c              : ll_scheduler.o (.text)
                  000164d0    0000005c     drivers_cc26x2.aem4f : PINCC26XX.oem4f (.text:PIN_remove)
                  0001652c    0000005c     rf_multiMode_cc26x2.aem4f : RFCC26X2_multiMode.c.cc26x2.ccs.o (.text:RF_syncCb)
                  00016588    0000005c     drivers_cc26x2.aem4f : TimerCC26XX.oem4f (.text:TimerCC26XX_setPeriod)
                  000165e4    0000005c                          : NVSCC26XX.oem4f (.text:doErase)
                  00016640    0000005c                          : SPICC26X2DMA.oem4f (.text:initHw)
                  0001669c    0000005c                          : UARTCC26XX.oem4f (.text:startTxFifoEmptyClk)
                  000166f8    0000005c     ble_custom_pem4f.oem4f (.text:xdc_runtime_Startup_getState__I)
                  00016754    00000058     drivers_cc26x2.aem4f : ECDHCC26X2.oem4f (.text:ECDH_construct)
                  000167ac    00000058                          : GPTimerCC26XX.oem4f (.text:GPTimerCC26XX_stop)
                  00016804    00000058     icall.obj (.text:ICall_wait)
                  0001685c    00000058     OneLib.a : ll_ae.o (.text)
                  000168b4    00000058              : ll_common.o (.text)
                  0001690c    00000058              : ll_enc.o (.text)
                  00016964    00000058              : ll_isr.o (.text)
                  000169bc    00000058     drivers_cc26x2.aem4f : PowerCC26X2_calibrateRCOSC.oem4f (.text:PowerCC26X2_initiateCalibration)
                  00016a14    00000058     ble_custom.obj (.text:ProjectZero_enqueueMsg$2)
                  00016a6c    00000058     rf_multiMode_cc26x2.aem4f : RFCC26X2_multiMode.c.cc26x2.ccs.o (.text:RF_fsmXOSCState)
                  00016ac4    00000058                               : RFCC26X2_multiMode.c.cc26x2.ccs.o (.text:RF_hwiCpe0PowerFsm)
                  00016b1c    00000058     StackWrapper.a : sm_ecc.o (.text)
                  00016b74    00000058     drivers_cc26x2.aem4f : TRNGCC26XX.oem4f (.text:TRNG_init)
                  00016bcc    00000058     boot.aem4f : boot.oem4f (.text)
                  00016c24    00000058     drivers_cc26x2.aem4f : NVSSPI25X.oem4f (.text:extFlashWaitReady)
                  00016c7c    00000056     rf_multiMode_cc26x2.aem4f : RFCC26X2_multiMode.c.cc26x2.ccs.o (.text:RF_defaultSubmitPolicy)
                  00016cd2    00000056     rtsv7M4_T_le_v4SPD16_eabi.lib : _printfi.c.obj (.text:_pconv_f$50)
                  00016d28    00000054     drivers_cc26x2.aem4f : AESCCMCC26XX.oem4f (.text:AESCCM_construct)
                  00016d7c    00000054                          : AESCTRCC26XX.oem4f (.text:AESCTR_construct)
                  00016dd0    00000054                          : AESECBCC26XX.oem4f (.text:AESECB_construct)
                  00016e24    00000054     driverlib.lib : chipinfo.obj (.text:NOROM_ChipInfo_GetChipType)
                  00016e78    00000054                   : prcm.obj (.text:NOROM_PRCMPowerDomainsAllOff)
                  00016ecc    00000054     nvocmp.obj (.text:NVOCMP_doNVCRC$5)
                  00016f20    00000054     drivers_cc26x2.aem4f : NVSCC26XX.oem4f (.text:NVSCC26XX_init)
                  00016f74    00000054     OneLib.a : gattservapp.o (.text)
                  00016fc8    00000054              : hci_event.o (.text)
                  0001701c    00000054              : ll.o (.text)
                  00017070    00000054     StackWrapper.a : osal_bufmgr.o (.text)
                  000170c4    00000054     drivers_cc26x2.aem4f : StructRingBuf.oem4f (.text:StructRingBuf_put)
                  00017118    00000054     rtsv7M4_T_le_v4SPD16_eabi.lib : _ltoa.c.obj (.text:__TI_ltoa)
                  0001716c    00000054     rf_multiMode_cc26x2.aem4f : rf_patch_cpe_bt5.c.cc26x2.ccs.o (.text:configureBt5Patch)
                  000171c0    00000052     OneLib.a : gap_centlinkmgr.o (.text)
                  00017212    00000052     rtsv7M4_T_le_v4SPD16_eabi.lib : _printfi.c.obj (.text:_ecpy$50)
                  00017264    00000050     drivers_cc26x2.aem4f : AESCTRDRBGXX.oem4f (.text:AESCTRDRBGXX_addBigendCounter)
                  000172b4    00000050                          : GPTimerCC26XX.oem4f (.text:GPTimerCC26XX_registerInterrupt)
                  00017304    00000050     nvocmp.obj (.text:NVOCMP_compactNvApi$5)
                  00017354    00000050     OneLib.a : gap_perilinkmgr.o (.text)
                  000173a4    00000050              : hci_tl.o (.text)
                  000173f4    00000050              : ll_common.o (.text)
                  00017444    00000050              : ll_enc.o (.text)
                  00017494    00000050     rf_multiMode_cc26x2.aem4f : RFCC26X2_multiMode.c.cc26x2.ccs.o (.text:RF_wakeupNotification)
                  000174e4    00000050     drivers_cc26x2.aem4f : SPICC26X2DMA.oem4f (.text:SPICC26X2DMA_close)
                  00017534    00000050     StackWrapper.a : osal.o (.text)
                  00017584    00000050                    : osal_clock.o (.text)
                  000175d4    00000050     temp_service.obj (.text:TEMP_Service_findCharParamId$12)
                  00017624    00000050     drivers_cc26x2.aem4f : TRNGCC26XX.oem4f (.text:TRNGCC26XX_waitForResult)
                  00017674    00000050                          : NVSSPI25X.oem4f (.text:extFlashSpiWrite)
                  000176c4    0000004e     StackWrapper.a : gap.o (.text)
                  00017712    00000002     rom_sysbios.aem4f : rom_sysbios.obj (.text:xdc_runtime_SysCallback_defaultPutch)
                  00017714    0000004c     drivers_cc26x2.aem4f : GPTimerCC26XX.oem4f (.text:GPTimerCC26XX_initHw)
                  00017760    0000004c                          : GPTimerCC26XX.oem4f (.text:GPTimerCC26XX_start)
                  000177ac    0000004c     icall.obj (.text:ICall_newTask$19)
                  000177f8    0000004c     driverlib.lib : prcm.obj (.text:NOROM_PRCMPowerDomainsAllOn)
                  00017844    0000004c     nvocmp.obj (.text:NVOCMP_loadApiPtrsMin)
                  00017890    0000004c     nvocmp.obj (.text:NVOCMP_setItemInactive$5)
                  000178dc    0000004c     OneLib.a : ll_scheduler.o (.text)
                  00017928    0000004c     drivers_cc26x2.aem4f : StructRingBuf.oem4f (.text:StructRingBuf_get)
                  00017974    0000004c                          : UARTCC26XX.oem4f (.text:UARTCC26XX_readCancel)
                  000179c0    0000004c                          : UDMACC26XX.oem4f (.text:UDMACC26XX_open)
                  00017a0c    0000004c     util.obj (.text:Util_constructClock)
                  00017a58    0000004c     rtsv7M4_T_le_v4SPD16_eabi.lib : atoi.c.obj (.text:atoi)
                  00017aa4    0000004c                                   : cpy_tbl.c.obj (.text:copy_in)
                  00017af0    0000004c     drivers_cc26x2.aem4f : PowerCC26X2.oem4f (.text:switchXOSCHF)
                  00017b3c    00000048     CC26X2R1_LAUNCHXL_fxns.obj (.text:CC26X2R1_LAUNCHXL_wakeUpExtFlash)
                  00017b84    00000048     drivers_cc26x2.aem4f : GPTimerCC26XX.oem4f (.text:GPTimerCC26XXHwiFxn)
                  00017bcc    00000048     rf_multiMode_cc26x2.aem4f : rfc.c.cc26x2.ccs.o (.text:NOROM_RFCSynthPowerDown)
                  00017c14    00000048     nvocmp.obj (.text:NVOCMP_write$5)
                  00017c5c    00000048     drivers_cc26x2.aem4f : NVSSPI25X.oem4f (.text:NVSSPI25X_read)
                  00017ca4    00000048                          : NVS.oem4f (.text:NVS_open)
                  00017cec    00000048     OneLib.a : gattservapp.o (.text)
                  00017d34    00000048              : ll.o (.text)
                  00017d7c    00000048              : ll.o (.text)
                  00017dc4    00000048              : ll_ae.o (.text)
                  00017e0c    00000048              : ll_ae.o (.text)
                  00017e54    00000048     drivers_cc26x2.aem4f : PINCC26XX.oem4f (.text:PIN_setOutputEnable)
                  00017e9c    00000048                          : PowerCC26X2_calibrateRCOSC.oem4f (.text:PowerCC26X2_RCOSC_clockFunc)
                  00017ee4    00000048                          : PowerCC26X2.oem4f (.text:PowerCC26XX_switchXOSC_HF)
                  00017f2c    00000048     ble_custom.obj (.text:ProjectZero_clearConnListEntry$2)
                  00017f74    00000048     drivers_cc26x2.aem4f : NVSCC26XX.oem4f (.text:disableFlashCache)
                  00017fbc    00000048                          : NVSSPI25X.oem4f (.text:extFlashMassErase)
                  00018004    00000048     rtsv7M4_T_le_v4SPD16_eabi.lib : fd_toi_t2.asm.obj (.text)
                  0001804c    00000048     drivers_cc26x2.aem4f : UARTCC26XX.oem4f (.text:writeFinishedDoCallback)
                  00018094    00000046                          : RingBuf.oem4f (.text:RingBuf_put)
                  000180da    00000002     --HOLE-- [fill = 0]
                  000180dc    00000044                          : ECDHCC26X2.oem4f (.text:ECDHCC26X2_waitForResult)
                  00018120    00000044                          : NVSCC26XX.oem4f (.text:NVSCC26XX_read)
                  00018164    00000044     OneLib.a : ll.o (.text)
                  000181a8    00000044              : ll.o (.text)
                  000181ec    00000044              : ll_ae.o (.text)
                  00018230    00000044              : ll_common.o (.text)
                  00018274    00000044              : ll_isr.o (.text)
                  000182b8    00000044     drivers_cc26x2.aem4f : PINCC26XX.oem4f (.text:PIN_swi)
                  000182fc    00000044                          : SPI.oem4f (.text:SPI_init)
                  00018340    00000044     StackWrapper.a : osal.o (.text)
                  00018384    00000044                    : osal_timers.o (.text)
                  000183c8    00000044     drivers_cc26x2.aem4f : TimerCC26XX.oem4f (.text:TimerCC26XX_start)
                  0001840c    00000044                          : Timer.oem4f (.text:Timer_init)
                  00018450    00000044                          : UART.oem4f (.text:UART_init)
                  00018494    00000044     rtsv7M4_T_le_v4SPD16_eabi.lib : fd_tou_t2.asm.obj (.text)
                  000184d8    00000042     OneLib.a : ll.o (.text)
                  0001851a    00000042     drivers_cc26x2.aem4f : SPICC26X2DMA.oem4f (.text:SPICC26X2DMA_swiFxn)
                  0001855c    00000040     dpl_cc26x2.aem4f : ClockP_tirtos.oem4f (.text:ClockP_construct)
                  0001859c    00000040     drivers_cc26x2.aem4f : ECDHCC26X2.oem4f (.text:ECDHCC26X2_getPublicKeyResult)
                  000185dc    00000040     driverlib.lib : osc.obj (.text:NOROM_OSC_HPOSCRelativeFrequencyOffsetGet)
                  0001861c    00000040     OneLib.a : gap_configmgr.o (.text)
                  0001865c    00000040              : gattservapp.o (.text)
                  0001869c    00000040              : linkdb.o (.text)
                  000186dc    00000040              : ll_scheduler.o (.text)
                  0001871c    00000040     drivers_cc26x2.aem4f : PowerCC26X2.oem4f (.text:PowerCC26XX_isStableXOSC_HF)
                  0001875c    00000040     ble_custom.obj (.text:ProjectZero_createTask)
                  0001879c    00000040     drivers_cc26x2.aem4f : Random.oem4f (.text:Random_getNumber)
                  000187dc    00000040                          : RingBuf.oem4f (.text:RingBuf_get)
                  0001881c    00000040                          : SPI.oem4f (.text:SPI_open)
                  0001885c    00000040     StackWrapper.a : osal.o (.text)
                  0001889c    00000040                    : osal_bufmgr.o (.text)
                  000188dc    00000040                    : osal_bufmgr.o (.text)
                  0001891c    00000040                    : osal_timers.o (.text)
                  0001895c    00000040     drivers_cc26x2.aem4f : TRNGCC26XX.oem4f (.text:TRNGCC26XX_copyToClient)
                  0001899c    00000040                          : Timer.oem4f (.text:Timer_open)
                  000189dc    00000040                          : UART.oem4f (.text:UART_open)
                  00018a1c    00000040     rtsv7M4_T_le_v4SPD16_eabi.lib : u_divt2.asm.obj (.text)
                  00018a5c    00000040     rom_sysbios.aem4f : rom_sysbios.obj (.text:ti_sysbios_family_arm_cc26xx_Timer_setThreshold__I)
                  00018a9c    00000040                       : rom_sysbios.obj (.text:ti_sysbios_heaps_HeapCallback_Module_startup__E)
                  00018adc    0000003e     dpl_cc26x2.aem4f : HwiP_tirtos.oem4f (.text:HwiP_construct)
                  00018b1a    0000003e     rtsv7M4_T_le_v4SPD16_eabi.lib : _printfi.c.obj (.text:_fcpy$50)
                  00018b58    0000003c     drivers_cc26x2.aem4f : GPTimerCC26XX.oem4f (.text:GPTimerCC26XX_unregisterInterrupt)
                  00018b94    0000003c     nvocmp.obj (.text:NVOCMP_disableCache$5)
                  00018bd0    0000003c     OneLib.a : gap_linkmgr.o (.text)
                  00018c0c    0000003c              : gattservapp.o (.text)
                  00018c48    0000003c              : gattservapp.o (.text)
                  00018c84    0000003c              : gattservapp.o (.text)
                  00018cc0    0000003c              : ll_ae.o (.text)
                  00018cfc    0000003c     drivers_cc26x2.aem4f : PINCC26XX.oem4f (.text:PIN_setInterrupt)
                  00018d38    0000003c                          : PINCC26XX.oem4f (.text:PIN_setOutputValue)
                  00018d74    0000003c     rf_multiMode_cc26x2.aem4f : RFCC26X2_multiMode.c.cc26x2.ccs.o (.text:RF_cmdGet)
                  00018db0    0000003c                               : RFCC26X2_multiMode.c.cc26x2.ccs.o (.text:RF_cmdStoreEvents)
                  00018dec    0000003c     StackWrapper.a : osal.o (.text)
                  00018e28    0000003c                    : osal.o (.text)
                  00018e64    0000003c                    : osal.o (.text)
                  00018ea0    0000003c                    : osal_timers.o (.text)
                  00018edc    0000003c                    : sm_ecc.o (.text)
                  00018f18    0000003c     dpl_cc26x2.aem4f : SwiP_tirtos.oem4f (.text:SwiP_construct)
                  00018f54    0000003c     drivers_cc26x2.aem4f : NVSCC26XX.oem4f (.text:checkEraseRange)
                  00018f90    0000003c     rom_sysbios.aem4f : rom_sysbios.obj (.text:ti_sysbios_family_arm_m3_Hwi_construct2__E)
                  00018fcc    0000003a     StackWrapper.a : osal.o (.text)
                  00019006    0000003a     drivers_cc26x2.aem4f : NVSSPI25X.oem4f (.text:checkEraseRange)
                  00019040    00000038     nvocmp.obj (.text:NVOCMP_findPage$5)
                  00019078    00000038     OneLib.a : hci.o (.text)
                  000190b0    00000038              : ll_enc.o (.text)
                  000190e8    00000038              : ll_scheduler.o (.text)
                  00019120    00000038     drivers_cc26x2.aem4f : PINCC26XX.oem4f (.text:PIN_setConfig)
                  00019158    00000038     rf_multiMode_cc26x2.aem4f : RFCC26X2_multiMode.c.cc26x2.ccs.o (.text:RF_checkCmdFsError)
                  00019190    00000038                               : RFCC26X2_multiMode.c.cc26x2.ccs.o (.text:RF_powerConstraintRelease)
                  000191c8    00000038     StackWrapper.a : osal_timers.o (.text)
                  00019200    00000038     drivers_cc26x2.aem4f : PowerCC26X2.oem4f (.text:notify)
                  00019238    00000038                          : UARTCC26XX.oem4f (.text:readData)
                  00019270    00000038     rtsv7M4_T_le_v4SPD16_eabi.lib : fs_tod_t2.asm.obj (.text)
                  000192a8    00000038     rom_sysbios.aem4f : rom_sysbios.obj (.text:ti_sysbios_family_arm_cc26xx_Timer_getCurrentTick__E)
                  000192e0    00000038     drivers_cc26x2.aem4f : UARTCC26XX.oem4f (.text:writeData)
                  00019318    00000036                          : ECDHCC26X2.oem4f (.text:ECDHCC26X2_convertReturnValue)
                  0001934e    00000036     StackWrapper.a : ble_dispatch_lite.o (.text)
                  00019384    00000036     drivers_cc26x2.aem4f : TimerCC26XX.oem4f (.text:TimerCC26XX_stop)
                  000193ba    00000036                          : UDMACC26XX.oem4f (.text:UDMACC26XX_close)
                  000193f0    00000036     rom_sysbios.aem4f : rom_sysbios.obj (.text:ti_sysbios_family_arm_cc26xx_Timer_setNextTick__E)
                  00019426    00000002     --HOLE-- [fill = 0]
                  00019428    00000034     gattservapp_util.obj (.text:GATTServApp_InitCharCfg)
                  0001945c    00000034     drivers_cc26x2.aem4f : GPTimerCC26XX.oem4f (.text:GPTimerCC26XXSetLoadMatch)
                  00019490    00000034                          : GPTimerCC26XX.oem4f (.text:GPTimerCC26XX_configureDebugStall)
                  000194c4    00000034     icall.obj (.text:ICall_getLocalMsgEntityId)
                  000194f8    00000034     icall.obj (.text:ICall_heapFree)
                  0001952c    00000034     icall.obj (.text:ICall_searchServiceEntity)
                  00019560    00000034     led_service.obj (.text:LED_Service_findCharParamId$11)
                  00019594    00000034     driverlib.lib : sys_ctrl.obj (.text:NOROM_SysCtrlIdle)
                  000195c8    00000034     nvocmp.obj (.text:NVOCMP_verifyCRC$5)
                  000195fc    00000034     drivers_cc26x2.aem4f : NVSSPI25X.oem4f (.text:NVSSPI25X_init)
                  00019630    00000034     OneLib.a : ble.o (.text)
                  00019664    00000034              : hci.o (.text)
                  00019698    00000034              : hci_tl.o (.text)
                  000196cc    00000034              : ll_scheduler.o (.text)
                  00019700    00000034              : ll_scheduler.o (.text)
                  00019734    00000034     rf_multiMode_cc26x2.aem4f : RFCC26X2_multiMode.c.cc26x2.ccs.o (.text:RF_runDirectImmediateCmd)
                  00019768    00000034     StackWrapper.a : gapbondmgr.o (.text)
                  0001979c    00000034                    : icall_startup.o (.text)
                  000197d0    00000034     drivers_cc26x2.aem4f : NVSSPI25X.oem4f (.text:extFlashPowerStandby)
                  00019804    00000034                          : NVSSPI25X.oem4f (.text:extFlashWriteEnable)
                  00019838    00000034                          : UARTCC26XX.oem4f (.text:readData2RingBuf)
                  0001986c    00000034     rom_sysbios.aem4f : rom_sysbios.obj (.text:ti_sysbios_knl_Swi_setPri__E)
                  000198a0    00000032                       : rom_sysbios.obj (.text:ti_sysbios_gates_GateMutexPri_insertPri__I)
                  000198d2    00000002     --HOLE-- [fill = 0]
                  000198d4    00000030     drivers_cc26x2.aem4f : AESECBCC26XX.oem4f (.text:AESECB_cleanup)
                  00019904    00000030                          : GPIOCC26XX.oem4f (.text:GPIO_hwiIntFxn)
                  00019934    00000030                          : GPIOCC26XX.oem4f (.text:GPIO_setCallback)
                  00019964    00000030                          : GPTimerCC26XX.oem4f (.text:GPTimerCC26XX_close)
                  00019994    00000030     icall.obj (.text:ICall_dispatch$19)
                  000199c4    00000030     icall.obj (.text:ICall_msecs2Ticks$19)
                  000199f4    00000030     icall.obj (.text:ICall_primEntityId2ServiceId$19)
                  00019a24    00000030     nvocmp.obj (.text:NVOCMP_changePageState$5)
                  00019a54    00000030     drivers_cc26x2.aem4f : NVSCC26XX.oem4f (.text:NVSCC26XX_erase)
                  00019a84    00000030                          : NVSSPI25X.oem4f (.text:NVSSPI25X_erase)
                  00019ab4    00000030     OneLib.a : gattservapp.o (.text)
                  00019ae4    00000030              : ll_ae.o (.text)
                  00019b14    00000030              : ll_scheduler.o (.text)
                  00019b44    00000030     drivers_cc26x2.aem4f : PINCC26XX.oem4f (.text:PINCC26XX_setMux)
                  00019b74    00000030                          : PowerCC26X2.oem4f (.text:Power_releaseConstraint)
[...]
20000fb4  GATTServApp_TaskID                                              
20000fb5  maxNumPrepareWrites                                             
20000fb6  hciPTMenabled                                                   
20000fb7  ctrlToHostEnable                                                
20000fb8  l2capFlowCtrlMode                                               
20000fb9  l2capTaskID                                                     
20000fba  l2capNumChannels                                                
20000fbb  l2capNumDataPkts                                                
20000fbc  l2capNumPSM                                                     
20000fbd  l2capNumCoChannels                                              
20000fbe  l2cap_gattServAppTaskID                                         
20000fbf  l2capId                                                         
20000fc1  linkDBNumConns                                                  
20000fc2  linkDB_secureConnectionOnlyMode                                 
20000fc3  maxPduSize                                                      
20000fc4  rfFeModeBias                                                    
20000fc5  defaultPhy                                                      
20000fc6  maxNumTxDataBufs                                                
20000fc7  LL_TaskID                                                       
20000fc8  llState                                                         
20000fc9  rssiCorrection                                                  
20000fca  curTxPowerVal                                                   
20000fcb  maxTxPwrForDTM                                                  
20000fcc  onePktPerEvt                                                    
20000fcd  numComplPkts                                                    
20000fce  numComplPktsLimit                                               
20000fcf  numComplPktsFlush                                               
20000fd0  fastTxRespTime                                                  
20000fd1  slOverride                                                      
20000fd2  rxFifoFlowCtrl                                                  
20000fd3  numTxDataBufs                                                   
20000fd4  maxNumConns                                                     
20000fd5  aeCurHandle                                                     
20000fd6  aeCurAdvEnableHandle                                            
20000fd7  aeCurConnHandle                                                 
20000fd8  extScanIndex                                                    
20000fd9  extInitIndex                                                    
20000fda  scanState                                                       
20000fdb  lastPrimPhy                                                     
20000fdc  lastScanRsp                                                     
20000fdd  smTaskID                                                        
20000fde  SM_appExpectingKey                                              
20001b20  ramStartHere                                                    
20001b9c  ledPinTable                                                     
20001c84  pzTask                                                          
20001cd8  appTaskStack                                                    
200024d8  uartLog_tail                                                    
200024d9  uartLog_head                                                    
200024da  uartLog_evBufIsEmpty                                            
200024dc  uartLog_evtNum                                                  
200024e4  uartLog_outBuf                                                  
20002590  uartLog_evBuf                                                   
20002c64  PowerCC26X2_module                                              
20002d98  ROM_stateStruct                                                 
20002d98  ti_sysbios_knl_Clock_Module__state__V                           
20002dc4  ti_sysbios_family_arm_cc26xx_TimestampProvider_Module__state__V 
20002dc8  xdc_runtime_Startup_Module__state__V                            
20002dd0  xdc_runtime_Registry_Module__state__V                           
20002dd8  ti_sysbios_BIOS_Module__state__V                                
20002dfc  ti_sysbios_knl_Swi_Module__state__V                             
20002e18  ti_sysbios_knl_Task_Module__state__V                            
20002e5c  xdc_runtime_Memory_Module__state__V                             
20002e60  xdc_runtime_System_Module__state__V                             
20002e68  ti_sysbios_family_arm_m3_Hwi_Module__state__V                   
20002e9c  ti_sysbios_family_arm_cc26xx_Timer_Module__state__V             
20002f98  gapAttrTbl                                                      
2000304c  ICall_enterCriticalSection                                      
20003050  ICall_leaveCriticalSection                                      
20003054  ICall_dispatcher                                                
20003068  heapmgrMemFreeTotal                                             
20003074  HEAPMGR_SIZE                                                    
200030e4  pairMode                                                        
200030e5  mitm                                                            
200030e6  ioCap                                                           
200030e7  bonding                                                         
200030e8  secureConnection                                                
200030e9  autoSyncWL                                                      
200030ea  eccReGenPolicy                                                  
200030eb  KeySize                                                         
200030ec  removeLRUBond                                                   
200030ed  KeyDistList                                                     
200030ee  eccDebugKeys                                                    
200030ef  eraseBondWhileInConn                                            
200030f0  pRandomAddress                                                  
200030f4  advData1                                                        
20003103  scanResData1                                                    
20003115  attDeviceName                                                   
2000312c  advParams1                                                      
200031ae  gAction                                                         
200031af  NVOCMP_size                                                     
200031dc  NVOCMP_nvHandle                                                 
2000320c  llUserConfig                                                    
2000326c  txPowerTable_2400_pa5                                           
200032bc  ti_sysbios_knl_Task_Object__table__V                            
20003308  ti_sysbios_family_arm_cc26xx_Timer_Object__table__V             
20003350  gattAttrTbl                                                     
20003390  eccParams_NISTP256                                              
200033d0  nvintfFncStruct                                                 
20003444  ti_sysbios_gates_GateMutex_Object__table__V                     
2000347c  ti_sysbios_knl_Swi_Module_State_0_readyQ__A                     
200034ac  ti_sysbios_knl_Swi_Object__table__V                             
200034dc  ti_sysbios_knl_Task_Module_State_0_readyQ__A                    
2000350c  pOverrides_bleCommon                                            
20003538  _hposcCoeffs                                                    
2000355c  patchedSlaveCtrlPktList                                         
20003580  ti_sysbios_knl_Clock_Object__table__V                           
200035a0  xdc_runtime_Error_IgnoreBlock                                   
200035c0  ti_sysbios_family_arm_m3_Hwi_Object__table__V                   
200035d8  gpioCallbackFunctions                                           
200035ec  gpioPinConfigs                                                  
20003600  gattAttrTbl_gatt_no_service_changed                             
20003610  rfMode                                                          
20003620  sizeInfo                                                        
20003640  bleAppServiceInfoTable                                          
20003650  pfnBMAlloc                                                      
20003654  pfnBMFree                                                       
20003658  pRfErrCb                                                        
2000365c  lastAppOpcodeIdxSent                                            
20003660  pOverrides_ble2Mbps                                             
20003670  pOverrides_bleCoded                                             
20003680  user0Cfg                                                        
20003690  pOverrides_ble1Mbps                                             
2000369c  ti_sysbios_heaps_HeapCallback_Object__table__V                  
200036b1  deviceNameCharProps                                             
200036b2  llUserConfig_maxPduSize                                         
200036bc  bleUserCfg_maxPduSize                                           
200036c0  appAssertCback                                                  
200036c4  _lock                                                           
200036c8  _unlock                                                         
200036cc  periConnParameters                                              
200036d4  pinUpperBound                                                   
200036d8  pinLowerBound                                                   
200036e4  ti_sysbios_family_arm_m3_Hwi_Module__root__V                    
200036ec  ti_sysbios_gates_GateHwi_Module__root__V                        
200036f4  ti_sysbios_gates_GateMutexPri_Module__root__V                   
200036fc  ti_sysbios_gates_GateMutex_Module__root__V                      
20003704  ti_sysbios_hal_Hwi_Module__root__V                              
2000370c  ti_sysbios_heaps_HeapCallback_Module__root__V                   
20003714  ti_sysbios_heaps_HeapMem_Module__root__V                        
2000371c  ti_sysbios_knl_Clock_Module__root__V                            
20003724  ti_sysbios_knl_Event_Module__root__V                            
2000372c  ti_sysbios_knl_Mailbox_Module__root__V                          
20003734  ti_sysbios_knl_Queue_Module__root__V                            
2000373c  ti_sysbios_knl_Semaphore_Module__root__V                        
20003744  ti_sysbios_knl_Swi_Module__root__V                              
2000374c  ti_sysbios_knl_Task_Module__root__V                             
20003759  appearanceCharProps                                             
2000375a  baseTaskID                                                      
2000375c  halAssertCback                                                  
20003760  icallServiceTblPtr                                              
20003768  errno                                                           
2000376c  main_func_sp                                                    
20003770  ti_sysbios_family_arm_m3_Hwi_Module_State_0_excContext__A       
20003774  ti_sysbios_family_arm_m3_Hwi_Module_State_0_excStack__A         
20003778  ti_sysbios_knl_Task_Module_State_0_idleTask__A                  
2000377c  CryptoResourceCC26XX_pollingFlag                                
2000377e  PKAResourceCC26XX_pollingFlag                                   
20003784  ti_sysbios_family_arm_m3_Hwi_Module_State_0_excActive__A        
20003786  periConnParamCharProps                                          
20003787  centAddrResCharProps                                            
20003788  centAddrRes                                                     
20003789  resolvablePrivateAddressOnlyCharProps                           
2000378a  GATTServApp_gatt_no_service_changed                             
2000378c  extScanChanMap                                                  
2000378d  sizeOfAllExtConnParam                                           
2000378e  rfRatHandle                                                     
2000378f  gapEndAppTaskID                                                 
20003790  gapAppTaskID                                                    
20003791  legacyMode                                                      
20003c58  ti_sysbios_knl_Task_Instance_State_0_stack__A                   
20003f58  uartCC26XXObjects                                               
20004088  ti_sysbios_family_arm_m3_Hwi_dispatchTable                      
20004160  spiCC26X2DMAObjects                                             
20004234  pinHandleTable                                                  
200042b0  cbTimers                                                        
20004328  aesctrdrbgXXObjects                                             
20004380  gptimerCC26XXObjects                                            
200043cc  trngCC26XXObjects                                               
20004458  nvFptrs                                                         
200044c8  timerCC26XXObjects                                              
200044fc  req                                                             
2000451c  llCteSamples                                                    
2000453c  gapBond_remoteOobData                                           
2000455c  gapBond_localOobData                                            
200045dc  ecdhCC26X2Objects                                               
200045fc  udmaCC26XXObject                                                
2000468c  CryptoResourceCC26XX_accessSemaphore                            
200046a8  CryptoResourceCC26XX_hwi                                        
200046c4  CryptoResourceCC26XX_operationSemaphore                         
200046e0  PKAResourceCC26XX_accessSemaphore                               
200046fc  PKAResourceCC26XX_hwi                                           
20004718  PKAResourceCC26XX_operationSemaphore                            
20004734  deviceName                                                      
2000474c  llCoex                                                          
20004764  aesccmCC26XXObjects                                             
2000477c  aesctrCC26XXObjects                                             
20004794  aesecbCC26XXObjects                                             
200047e4  llCteTest                                                       
200047f0  cteAntennaProp                                                  
200047fc  llTaskList                                                      
2000482c  nvsSPI25XObjects                                                
20004838  secondaryAdvChannelMap                                          
20004848  ggs_AppCBs                                                      
20004850  LSTORecoveryArr                                                 
20004854  llCte                                                           
20004858  llConnExtParam                                                  
2000485c  extStackSettings                                                
20004860  trngHandle                                                      
20004864  pNextAdvSet                                                     
20004868  llCurrentMappedChan                                             
2000486c  drbgHandle                                                      
20004870  pRpaCfg                                                         
20004874  gapBond_lruBondList                                             
20004878  gapBondStateNodeHead                                            
2000487c  osal_syncHandle                                                 
20004880  osal_tickperiod                                                 
20004884  osal_max_msecs                                                  
20004888  osal_icallMsg_hook                                              
2000488c  osal_qHead                                                      
20004890  osal_eventloop_hook                                             
2000489c  OSAL_timeSeconds                                                
200048a0  timerHead                                                       
200048a8  osal_last_timestamp                                             
200048b8  PowerCC26XX_swiKey                                              
200048bc  PowerCC26XX_taskKey                                             
200048c0  nvsCC26XXObjects                                                
200048c4  tasksEvents                                                     
200048c8  appearance                                                      
200048ca  maximumPduSize                                                  
200048ce  pwrmgr_attribute                                                
200048d0  resolvablePrivateAddressOnly                                    
200048d1  GATTServApp_att_delayed_req                                     
200048d2  hciTaskID                                                       
200048d3  hciL2capTaskID                                                  
200048d4  hciGapTaskID                                                    
200048d5  hciSmpTaskID                                                    
200048d6  hciTestTaskID                                                   
200048d7  hciVsEvtMask                                                    
200048d8  secondaryAdvChannelMapPopCount                                  
200048d9  scanReqRpt                                                      
200048da  numActiveAdvSets                                                
200048db  wlSize                                                          
200048dc  rlSize                                                          
200048dd  decryptResult                                                   
200048de  icall_liteTaskId                                                
200048df  gapBond_removeLRUBond                                           
200048e0  gapBond_syncRL                                                  
200048e1  assertSubcause                                                  
200048e2  osal_entity                                                     
200048e3  pwrmgr_initialized                                              
200048e5  driverlib_release_0_57398                                       
200048e6  heapStart                                                       
20013c00  __stack                                                         
20013c00  heapEnd                                                         
20014000  __STACK_END                                                     
20014000  __STACK_TOP                                                     
20014000  __UNUSED_SRAM_end__                                             
e000e000  ti_sysbios_family_arm_m3_Hwi_nvic                               
ffffffff  __TI_pprof_out_hndl                                             
ffffffff  __TI_prof_data_size                                             
ffffffff  __TI_prof_data_start                                            
ffffffff  __binit__                                                       
ffffffff  __c_args__                                                      
ffffffff  binit                                                           
UNDEFED   SHT$$INIT_ARRAY$$Base                                           
UNDEFED   SHT$$INIT_ARRAY$$Limit                                          

[3031 symbols]
